# Written by "coeus install". Run "coeus install" again to replace it, or
# "coeus uninstall" to take it away.

[Unit]
Description=Coeus nightly backup of the database, the vault, and the browser profile

[Service]
Type=oneshot
ExecStart=/home/tester/.coeus/releases/current backup
Environment=COEUS_HOME=/home/tester/.coeus
