bwrap
--unshare-user
--unshare-pid
--unshare-ipc
--unshare-uts
--die-with-parent
--new-session
--clearenv
--proc
/proc
--dev
/dev
--tmpfs
/tmp
--ro-bind
/usr
/usr
--ro-bind
/bin
/bin
--ro-bind
/lib
/lib
--ro-bind
/lib64
/lib64
--ro-bind
/etc
/etc
--bind
/home/example/work
/home/example/work
--bind
/home/example/projects
/home/example/projects
--ro-bind
/home/example/.coeus/releases/1.0.0/coeus
/home/example/.coeus/releases/1.0.0/coeus
--setenv
PATH
/usr/local/bin:/usr/bin:/bin
--setenv
HOME
/home/example/work/.coeus-sandbox-home
--setenv
LANG
en_US.UTF-8
--setenv
TERM
xterm-256color
--setenv
GIT_AUTHOR_NAME
Example
--chdir
/home/example/work
--
/home/example/.coeus/releases/1.0.0/coeus
sandbox-entry
--read
/usr
--read
/bin
--read
/lib
--read
/lib64
--read
/etc
--read
/home/example/.coeus/releases/1.0.0/coeus
--write
/home/example/work
--write
/home/example/projects
--write
/tmp
--write
/dev
--
/bin/sh
-c
echo hello
